// Jest Snapshot v1, https://goo.gl/fbAQLP

exports[`ng-update migrate TuiToCountryCodePipe to maskitoGetCountryFromNumber replaces TuiToCountryCodePipe import with maskitoGetCountryFromNumber: test.ts 1`] = `
{
  "0. Before": "
                import {TuiToCountryCodePipe} from '@taiga-ui/legacy';

                @Component({
                    standalone: true,
                    imports: [TuiToCountryCodePipe],
                    template: '{{ phone | tuiToCountryCode:countries }}'
                })
                export class TestComponent {}
            ",
  "1. After": "import { maskitoGetCountryFromNumber } from "@maskito/phone";

                                @Component({
                    standalone: true,
                    imports: [maskitoGetCountryFromNumber],
                    template: '{{ phone | tuiToCountryCode:countries }}'
                })
                export class TestComponent {}
            ",
}
`;

exports[`ng-update migrate TuiToCountryCodePipe to maskitoGetCountryFromNumber replaces TuiToCountryCodePipe used programmatically: test.ts 1`] = `
{
  "0. Before": "
                import {TuiToCountryCodePipe} from '@taiga-ui/legacy';

                @Injectable()
                export class TestService {
                    private readonly pipe = new TuiToCountryCodePipe(countriesMasks);
                }
            ",
  "1. After": "import { maskitoGetCountryFromNumber } from "@maskito/phone";

                                @Injectable()
                export class TestService {
                    private readonly pipe = new maskitoGetCountryFromNumber(countriesMasks);
                }
            ",
}
`;
