// Jest Snapshot v1, https://goo.gl/fbAQLP

exports[`ng-update TuiFeedItemDetailsComponent warning adds TODO comment for TuiFeedItemDetailsComponent import: test.ts 1`] = `
{
  "0. Before": "
                import {Component} from '@angular/core';
                import {TuiFeedItemDetailsComponent} from '@taiga-ui/proprietary';

                @Component({})
                export class TestComponent {
                    protected readonly details = TuiFeedItemDetailsComponent;
                }
            ",
  "1. After": "
                import {Component} from '@angular/core';
// TODO: (Taiga UI migration) TuiFeedItemDetailsComponent has been removed. Use BlockDetails instead. See https://taiga-ui.dev/layout/block-details
                import {TuiFeedItemDetailsComponent} from '@taiga-ui/proprietary';

                @Component({})
                export class TestComponent {
                    protected readonly details = TuiFeedItemDetailsComponent;
                }
            ",
}
`;
