// Jest Snapshot v1, https://goo.gl/fbAQLP

exports[`ng-update migrate TuiInputDate[multiple] to TuiInputDateMulti: test.html 1`] = `
{
  "0. Before": "
                <tui-input-date multiple>
                </tui-input-date>

                <tui-input-date
                    multiple
                    [formControl]="control"
                >
                    Choose dates
                </tui-input-date>

                <tui-input-date
                    multiple
                    formControlName="dates"
                    [tuiTextfieldCleaner]="true"
                >
                    Selected dates
                </tui-input-date>
            ",
  "1. After": "
                <tui-textfield  multi>
                
<input tuiInputDateMulti />
<tui-calendar *tuiDropdown />
</tui-textfield>

                <tui-textfield
                    
                    
                 multi>
<label tuiLabel>
                    Choose dates
                </label>

<input tuiInputDateMulti [formControl]="control" />
<tui-calendar *tuiDropdown />
</tui-textfield>

                <tui-textfield
                    
                    
                    [tuiTextfieldCleaner]="true"
                 multi>
<label tuiLabel>
                    Selected dates
                </label>

<input tuiInputDateMulti formControlName="dates" />
<tui-calendar *tuiDropdown />
</tui-textfield>
            ",
}
`;
