// Jest Snapshot v1, https://goo.gl/fbAQLP

exports[`ng-update migrate TuiInputTimeModule to TuiInputTime: test.html 1`] = `
{
  "0. Before": "
                <tui-input-time>Pick a time</tui-input-time>

                <tui-input-time
                    [formControl]="control"
                >
                    Start time
                </tui-input-time>

                <tui-input-time
                    formControlName="time"
                    [tuiTextfieldCleaner]="true"
                >
                    End time
                </tui-input-time>

                <tui-input-time [(ngModel)]="value">
                    <input tuiTextfieldLegacy />
                </tui-input-time>
            ",
  "1. After": "
                <tui-textfield>
<label tuiLabel>Pick a time</label>

<input tuiInputTime />
</tui-textfield>

                <tui-textfield
                    
                >
<label tuiLabel>
                    Start time
                </label>

<input tuiInputTime [formControl]="control" />
</tui-textfield>

                <tui-textfield
                    
                    [tuiTextfieldCleaner]="true"
                >
<label tuiLabel>
                    End time
                </label>

<input tuiInputTime formControlName="time" />
</tui-textfield>

                <tui-textfield >
                    <input tuiInputTime [(ngModel)]="value" />
                </tui-textfield>
            ",
}
`;

exports[`ng-update migrate TuiInputTimeModule to TuiInputTime: test.ts 1`] = `
{
  "0. Before": "
                import {TuiInputTimeModule} from '@taiga-ui/legacy';

                @NgModule({
                  imports: [
                    TuiInputTimeModule,
                  ],
                })
                export class MyModule {}

                @Component({
                  standalone: true,
                  imports: [
                    TuiInputTimeModule,
                  ],
                  templateUrl: './test.html',
                })
                export class MyComponent {}
            ",
  "1. After": "import { TuiTextfield } from "@taiga-ui/core";
import { TuiInputTime } from "@taiga-ui/kit";

                                @NgModule({
                  imports: [
                    TuiInputTime, TuiTextfield,
                  ],
                })
                export class MyModule {}

                @Component({
                  standalone: true,
                  imports: [
                    TuiInputTime, TuiTextfield,
                  ],
                  templateUrl: './test.html',
                })
                export class MyComponent {}
            ",
}
`;
