// Jest Snapshot v1, https://goo.gl/fbAQLP

exports[`ng-update migrate TuiInputPasswordModule to TuiPassword: test.html 1`] = `
{
  "0. Before": "
                <tui-input-password>
                </tui-input-password>

                <tui-input-password
                    [formControl]="control"
                >
                    Enter password
                </tui-input-password>

                <tui-input-password
                    formControlName="password"
                    [tuiTextfieldCleaner]="true"
                >
                    Password
                    <input
                        placeholder="••••••••"
                        tuiTextfield
                    />
                </tui-input-password>

                <tui-input-password
                    [(ngModel)]="value"
                >
                    Confirm password
                </tui-input-password>
            ",
  "1. After": "
                <tui-textfield>
                
<input tuiTextfield type="password" />
<tui-icon tuiPassword />
</tui-textfield>

                <tui-textfield
                    
                >
<label tuiLabel>
                    Enter password
                </label>

<input tuiTextfield type="password" [formControl]="control" />
<tui-icon tuiPassword />
</tui-textfield>

                <tui-textfield
                    
                    [tuiTextfieldCleaner]="true"
                >
<label tuiLabel>
                    Password
                    </label>
<input
                        placeholder="••••••••"
                        tuiTextfield type="password" formControlName="password"
                    />
<tui-icon tuiPassword />

                </tui-textfield>

                <tui-textfield
                    
                >
<label tuiLabel>
                    Confirm password
                </label>

<input tuiTextfield type="password" [(ngModel)]="value" />
<tui-icon tuiPassword />
</tui-textfield>
            ",
}
`;

exports[`ng-update migrate TuiInputPasswordModule to TuiPassword: test.ts 1`] = `
{
  "0. Before": "
                import {TuiInputPasswordModule} from '@taiga-ui/legacy';

                @NgModule({
                  imports: [
                    // ...
                    TuiInputPasswordModule,
                  ],
                  // ...
                })
                export class MyModule {}

                @Component({
                  standalone: true,
                  imports: [
                    // ...
                    TuiInputPasswordModule,
                  ],
                  templateUrl: './test.html',
                  // ...
                })
                export class MyComponent {}
            ",
  "1. After": "import { TuiTextfield } from "@taiga-ui/core";
import { TuiPassword } from "@taiga-ui/kit";

                                @NgModule({
                  imports: [
                    // ...
                    TuiPassword, TuiTextfield,
                  ],
                  // ...
                })
                export class MyModule {}

                @Component({
                  standalone: true,
                  imports: [
                    // ...
                    TuiPassword, TuiTextfield,
                  ],
                  templateUrl: './test.html',
                  // ...
                })
                export class MyComponent {}
            ",
}
`;
