// Jest Snapshot v1, https://goo.gl/fbAQLP

exports[`ng-update tag to chip migrates TuiTagModule and tuiTagOptionsProvider and updates template selectors: test.html 1`] = `
{
  "0. Before": "
                <tui-tag
                    size="l"
                    status="primary"
                    removable
                    value="Tag"
                />
                <button
                    size="l"
                    [status]="status"
                    tuiTag
                    type="button"
                    value="Button"
                    class="tui-space_left-2"
                    [autoColor]="true"
                    [editable]="true"
                    [hoverable]="true"
                ></button>
            ",
  "1. After": "
                <!-- TODO: (Taiga UI migration) tui-tag/tuiTag migrated to tuiChip. Check visuals and content manually -->
<!-- TODO: (Taiga UI migration) Interactive chip behavior changed. See https://taiga-ui.dev/components/chip#interactive -->
<span tuiChip size="l" appearance="primary">Tag</span>
                <!-- TODO: (Taiga UI migration) tui-tag/tuiTag migrated to tuiChip. Check visuals and content manually -->
<!-- TODO: (Taiga UI migration) Interactive chip behavior changed. See https://taiga-ui.dev/components/chip#interactive -->
<button
                    size="l"
                    [appearance]="status"
                    tuiChip
                    type="button"
                   
                    class="tui-space_left-2"
                   
                   
                   
                >Button</button>
            ",
}
`;

exports[`ng-update tag to chip migrates TuiTagModule and tuiTagOptionsProvider and updates template selectors: test.ts 1`] = `
{
  "0. Before": "
                import {Component} from '@angular/core';
                import {TuiTagModule, tuiTagOptionsProvider} from '@taiga-ui/legacy';

                @Component({
                    standalone: true,
                    imports: [TuiTagModule],
                    providers: [
                        tuiTagOptionsProvider({
                            size: 'l',
                        }),
                    ],
                    templateUrl: './test.html',
                })
                export class Example {}
            ",
  "1. After": "import { TuiChip, tuiChipOptionsProvider } from "@taiga-ui/kit";

                import {Component} from '@angular/core';

                @Component({
                    standalone: true,
                    imports: [TuiChip],
                    providers: [
                        tuiChipOptionsProvider({
                            size: 'l',
                        }),
                    ],
                    templateUrl: './test.html',
                })
                export class Example {}
            ",
}
`;
