// Jest Snapshot v1, https://goo.gl/fbAQLP

exports[`ng-update TuiScrollService warning adds TODO comment for TuiScrollService import: test.ts 1`] = `
{
  "0. Before": "
                import {Component} from '@angular/core';
                import {TuiScrollService} from '@taiga-ui/cdk';

                @Component({})
                export class TestComponent {
                    constructor(private readonly scrollService: TuiScrollService) {}
                }
            ",
  "1. After": "
                import {Component} from '@angular/core';
// TODO: (Taiga UI migration) TuiScrollService has been removed because smooth scroll is natively supported by all modern browsers. Use native scrolling APIs (window.scrollTo, Element.scrollTo, Element.scrollIntoView) instead
                import {TuiScrollService} from '@taiga-ui/cdk';

                @Component({})
                export class TestComponent {
                    constructor(private readonly scrollService: TuiScrollService) {}
                }
            ",
}
`;
